// Jest Snapshot v1, https://goo.gl/fbAQLP

exports[`DrawerLinks matches the snapshot 1`] = `
<div>
  <a
    aria-disabled="false"
    class="MuiButtonBase-root MuiListItem-root MuiListItem-gutters MuiListItem-button"
    href="/"
    role="button"
    tabindex="0"
  >
    <div
      class="MuiListItemText-root makeStyles-menuText-1"
    >
      <span
        class="MuiTypography-root MuiListItemText-primary MuiTypography-body1 MuiTypography-displayBlock"
      >
        Home
      </span>
    </div>
    <span
      class="MuiTouchRipple-root"
    />
  </a>
  <div
    class=""
  >
    <div
      aria-disabled="false"
      class="MuiButtonBase-root MuiListItem-root makeStyles-menuSubtitle-3 makeStyles-menuText-1 MuiListItem-gutters MuiListItem-button"
      role="button"
      tabindex="0"
    >
      About
      <svg
        aria-hidden="true"
        class="MuiSvgIcon-root"
        focusable="false"
        viewBox="0 0 24 24"
      >
        <path
          d="M16.59 8.59L12 13.17 7.41 8.59 6 10l6 6 6-6z"
        />
      </svg>
      <span
        class="MuiTouchRipple-root"
      />
    </div>
  </div>
  <div
    class=""
    role="presentation"
  >
    <a
      aria-disabled="false"
      class="MuiButtonBase-root MuiListItem-root MuiListItem-gutters MuiListItem-button"
      href="/familygroup"
      role="button"
      tabindex="0"
    >
      <div
        class="MuiListItemText-root makeStyles-menuText-1"
      >
        <span
          class="MuiTypography-root MuiListItemText-primary MuiTypography-body1 MuiTypography-displayBlock"
        >
          Family Groups
        </span>
      </div>
      <span
        class="MuiTouchRipple-root"
      />
    </a>
  </div>
</div>
`;

exports[`DrawerLinks matches the snapshot 2`] = `
<div>
  <a
    aria-disabled="false"
    class="MuiButtonBase-root MuiListItem-root MuiListItem-gutters MuiListItem-button"
    href="/"
    role="button"
    tabindex="0"
  >
    <div
      class="MuiListItemText-root makeStyles-menuText-1"
    >
      <span
        class="MuiTypography-root MuiListItemText-primary MuiTypography-body1 MuiTypography-displayBlock"
      >
        Home
      </span>
    </div>
    <span
      class="MuiTouchRipple-root"
    />
  </a>
  <div
    class=""
  >
    <div
      aria-disabled="false"
      class="MuiButtonBase-root MuiListItem-root makeStyles-menuSubtitle-3 makeStyles-menuText-1 MuiListItem-gutters MuiListItem-button"
      role="button"
      tabindex="0"
    >
      About
      <svg
        aria-hidden="true"
        class="MuiSvgIcon-root"
        focusable="false"
        viewBox="0 0 24 24"
      >
        <path
          d="M16.59 8.59L12 13.17 7.41 8.59 6 10l6 6 6-6z"
        />
      </svg>
      <span
        class="MuiTouchRipple-root"
      />
    </div>
  </div>
  <div
    class=""
    role="presentation"
  >
    <a
      aria-disabled="false"
      class="MuiButtonBase-root MuiListItem-root MuiListItem-gutters MuiListItem-button"
      href="/familygroup"
      role="button"
      tabindex="0"
    >
      <div
        class="MuiListItemText-root makeStyles-menuText-1"
      >
        <span
          class="MuiTypography-root MuiListItemText-primary MuiTypography-body1 MuiTypography-displayBlock"
        >
          Family Groups
        </span>
      </div>
      <span
        class="MuiTouchRipple-root"
      />
    </a>
  </div>
</div>
`;
