// Jest Snapshot v1, https://goo.gl/fbAQLP

exports[`FlattenDrawerLinks matches the snapshot 1`] = `
<div>
  <div>
    <hr
      class="MuiDivider-root"
    />
    <li
      class="MuiListSubheader-root makeStyles-menuSubtitle-2 makeStyles-menuText-1 MuiListSubheader-gutters"
    >
      About
    </li>
    <hr
      class="MuiDivider-root"
    />
    <div
      class=""
      role="presentation"
    >
      <a
        aria-disabled="false"
        class="MuiButtonBase-root MuiListItem-root MuiListItem-gutters MuiListItem-button"
        href="/welcome"
        role="button"
        tabindex="0"
      >
        <div
          class="MuiListItemText-root makeStyles-menuText-1"
        >
          <span
            class="MuiTypography-root MuiListItemText-primary MuiTypography-body1 MuiTypography-displayBlock"
          >
            Welcome
          </span>
        </div>
        <span
          class="MuiTouchRipple-root"
        />
      </a>
    </div>
    <hr
      class="MuiDivider-root"
    />
  </div>
  <div
    class=""
    role="presentation"
  >
    <a
      aria-disabled="false"
      class="MuiButtonBase-root MuiListItem-root MuiListItem-gutters MuiListItem-button"
      href="/familygroup"
      role="button"
      tabindex="0"
    >
      <div
        class="MuiListItemText-root makeStyles-menuText-1"
      >
        <span
          class="MuiTypography-root MuiListItemText-primary MuiTypography-body1 MuiTypography-displayBlock"
        >
          Family Groups
        </span>
      </div>
      <span
        class="MuiTouchRipple-root"
      />
    </a>
  </div>
</div>
`;

exports[`FlattenDrawerLinks matches the snapshot 2`] = `
<div>
  <div>
    <hr
      class="MuiDivider-root"
    />
    <li
      class="MuiListSubheader-root makeStyles-menuSubtitle-2 makeStyles-menuText-1 MuiListSubheader-gutters"
    >
      About
    </li>
    <hr
      class="MuiDivider-root"
    />
    <div
      class=""
      role="presentation"
    >
      <a
        aria-disabled="false"
        class="MuiButtonBase-root MuiListItem-root MuiListItem-gutters MuiListItem-button"
        href="/welcome"
        role="button"
        tabindex="0"
      >
        <div
          class="MuiListItemText-root makeStyles-menuText-1"
        >
          <span
            class="MuiTypography-root MuiListItemText-primary MuiTypography-body1 MuiTypography-displayBlock"
          >
            Welcome
          </span>
        </div>
        <span
          class="MuiTouchRipple-root"
        />
      </a>
    </div>
    <hr
      class="MuiDivider-root"
    />
  </div>
  <div
    class=""
    role="presentation"
  >
    <a
      aria-disabled="false"
      class="MuiButtonBase-root MuiListItem-root MuiListItem-gutters MuiListItem-button"
      href="/familygroup"
      role="button"
      tabindex="0"
    >
      <div
        class="MuiListItemText-root makeStyles-menuText-1"
      >
        <span
          class="MuiTypography-root MuiListItemText-primary MuiTypography-body1 MuiTypography-displayBlock"
        >
          Family Groups
        </span>
      </div>
      <span
        class="MuiTouchRipple-root"
      />
    </a>
  </div>
</div>
`;
