// Jest Snapshot v1, https://goo.gl/fbAQLP

exports[`FlattenDrawerLinks matches the snapshot 1`] = `
<div>
  <div>
    <hr
      class="MuiDivider-root MuiDivider-fullWidth css-9mgopn-MuiDivider-root"
    />
    <li
      class="MuiListSubheader-root MuiListSubheader-gutters makeStyles-menuSubtitle-2 makeStyles-menuText-1 css-x9njn-MuiListSubheader-root"
    >
      About
    </li>
    <hr
      class="MuiDivider-root MuiDivider-fullWidth css-9mgopn-MuiDivider-root"
    />
    <div
      class=""
      role="presentation"
    >
      <a
        class="MuiButtonBase-root MuiListItem-root MuiListItem-gutters MuiListItem-padding MuiListItem-button css-bshv44-MuiButtonBase-root-MuiListItem-root"
        href="/welcome"
        tabindex="0"
      >
        <div
          class="MuiListItemText-root makeStyles-menuText-1 css-tlelie-MuiListItemText-root"
        >
          <span
            class="MuiTypography-root MuiTypography-body1 MuiListItemText-primary css-10hburv-MuiTypography-root"
          >
            Welcome
          </span>
        </div>
        <span
          class="MuiTouchRipple-root css-8je8zh-MuiTouchRipple-root"
        />
      </a>
    </div>
    <hr
      class="MuiDivider-root MuiDivider-fullWidth css-9mgopn-MuiDivider-root"
    />
  </div>
  <div
    class=""
    role="presentation"
  >
    <a
      class="MuiButtonBase-root MuiListItem-root MuiListItem-gutters MuiListItem-padding MuiListItem-button css-bshv44-MuiButtonBase-root-MuiListItem-root"
      href="/familygroup"
      tabindex="0"
    >
      <div
        class="MuiListItemText-root makeStyles-menuText-1 css-tlelie-MuiListItemText-root"
      >
        <span
          class="MuiTypography-root MuiTypography-body1 MuiListItemText-primary css-10hburv-MuiTypography-root"
        >
          Family Groups
        </span>
      </div>
      <span
        class="MuiTouchRipple-root css-8je8zh-MuiTouchRipple-root"
      />
    </a>
  </div>
</div>
`;

exports[`FlattenDrawerLinks matches the snapshot 2`] = `
<div>
  <div>
    <hr
      class="MuiDivider-root MuiDivider-fullWidth css-9mgopn-MuiDivider-root"
    />
    <li
      class="MuiListSubheader-root MuiListSubheader-gutters makeStyles-menuSubtitle-2 makeStyles-menuText-1 css-x9njn-MuiListSubheader-root"
    >
      About
    </li>
    <hr
      class="MuiDivider-root MuiDivider-fullWidth css-9mgopn-MuiDivider-root"
    />
    <div
      class=""
      role="presentation"
    >
      <a
        class="MuiButtonBase-root MuiListItem-root MuiListItem-gutters MuiListItem-padding MuiListItem-button css-bshv44-MuiButtonBase-root-MuiListItem-root"
        href="/welcome"
        tabindex="0"
      >
        <div
          class="MuiListItemText-root makeStyles-menuText-1 css-tlelie-MuiListItemText-root"
        >
          <span
            class="MuiTypography-root MuiTypography-body1 MuiListItemText-primary css-10hburv-MuiTypography-root"
          >
            Welcome
          </span>
        </div>
        <span
          class="MuiTouchRipple-root css-8je8zh-MuiTouchRipple-root"
        />
      </a>
    </div>
    <hr
      class="MuiDivider-root MuiDivider-fullWidth css-9mgopn-MuiDivider-root"
    />
  </div>
  <div
    class=""
    role="presentation"
  >
    <a
      class="MuiButtonBase-root MuiListItem-root MuiListItem-gutters MuiListItem-padding MuiListItem-button css-bshv44-MuiButtonBase-root-MuiListItem-root"
      href="/familygroup"
      tabindex="0"
    >
      <div
        class="MuiListItemText-root makeStyles-menuText-1 css-tlelie-MuiListItemText-root"
      >
        <span
          class="MuiTypography-root MuiTypography-body1 MuiListItemText-primary css-10hburv-MuiTypography-root"
        >
          Family Groups
        </span>
      </div>
      <span
        class="MuiTouchRipple-root css-8je8zh-MuiTouchRipple-root"
      />
    </a>
  </div>
</div>
`;
