// Jest Snapshot v1, https://goo.gl/fbAQLP

exports[`Home matches the snapshot 1`] = `
<div>
  <div
    class="background"
    style="background-image: url(test-file-stub);"
  >
    <div
      class="contentMobile"
    >
      <div
        class="MuiContainer-root makeStyles-mobileContentContainer-2 MuiContainer-maxWidthLg"
      >
        <p
          class="MuiTypography-root makeStyles-title-6 makeStyles-mobileTitle-7 MuiTypography-body1"
        >
          Raising up kingdom workers
          <br />
          who are transformed by Christ
          <br />
          to influence the world
          <br />
        </p>
        <div
          class="makeStyles-linkContainer-3"
        >
          <a
            class="makeStyles-link-4 undefined"
            href="/beliefs"
          >
            Our beliefs &gt;
          </a>
        </div>
      </div>
    </div>
  </div>
  <div
    class="MuiContainer-root makeStyles-container-11 MuiContainer-maxWidthLg"
  >
    <h5
      class="MuiTypography-root makeStyles-subtitle-12 MuiTypography-h5"
    >
      SERVICE LOCATION AND TIMES
    </h5>
  </div>
  <div
    class="background"
    style="background-image: url(test-file-stub);"
  >
    <div
      class="contentMobile"
    >
      <div
        class="MuiContainer-root makeStyles-mobileContentContainer-2 MuiContainer-maxWidthLg"
      >
        <p
          class="MuiTypography-root makeStyles-title-6 makeStyles-mobileTitle-7 MuiTypography-body1"
        >
          Family Group
          <br />
        </p>
        <p
          class="MuiTypography-root makeStyles-description-8 makeStyles-mobileDescription-9 MuiTypography-body1"
        >
          You haven't checked out GCC unless
          <br />
          you've checked out our family groups.
          <br />
        </p>
        <div
          class="makeStyles-linkContainer-3"
        >
          <a
            class="makeStyles-link-4 undefined"
            href="/familygroup"
          >
            Sign up here &gt;
          </a>
        </div>
      </div>
    </div>
  </div>
  <div
    class="MuiContainer-root makeStyles-container-11 MuiContainer-maxWidthLg"
  >
    <h5
      class="MuiTypography-root makeStyles-subtitle-12 MuiTypography-h5"
    >
      UPCOMING EVENTS
    </h5>
    <h5
      class="MuiTypography-root makeStyles-linkContainer-13 MuiTypography-h5"
    >
      <a
        class="makeStyles-learnMore-14"
        href="/events"
      >
        See all events &gt;
      </a>
    </h5>
  </div>
  <div
    class="background"
    style="background-image: url(test-file-stub);"
  >
    <div
      class="contentMobile"
    >
      <div
        class="MuiContainer-root makeStyles-mobileContentContainer-16 MuiContainer-maxWidthLg"
      >
        <p
          class="MuiTypography-root makeStyles-title-21 makeStyles-mobileTitle-22 MuiTypography-body1"
        >
          Read With Us
          <br />
        </p>
      </div>
    </div>
  </div>
  <div
    class="MuiContainer-root makeStyles-container-25 MuiContainer-maxWidthLg"
  >
    <h5
      class="MuiTypography-root makeStyles-subtitle-26 MuiTypography-h5"
    >
      Monthly Memory Verse
    </h5>
  </div>
</div>
`;

exports[`Home matches the snapshot 2`] = `
<div>
  <div
    class="background"
    style="background-image: url(test-file-stub);"
  >
    <div
      class="contentMobile"
    >
      <div
        class="MuiContainer-root makeStyles-mobileContentContainer-2 MuiContainer-maxWidthLg"
      >
        <p
          class="MuiTypography-root makeStyles-title-6 makeStyles-mobileTitle-7 MuiTypography-body1"
        >
          Raising up kingdom workers
          <br />
          who are transformed by Christ
          <br />
          to influence the world
          <br />
        </p>
        <div
          class="makeStyles-linkContainer-3"
        >
          <a
            class="makeStyles-link-4 undefined"
            href="/beliefs"
          >
            Our beliefs &gt;
          </a>
        </div>
      </div>
    </div>
  </div>
  <div
    class="MuiContainer-root makeStyles-container-11 MuiContainer-maxWidthLg"
  >
    <h5
      class="MuiTypography-root makeStyles-subtitle-12 MuiTypography-h5"
    >
      SERVICE LOCATION AND TIMES
    </h5>
  </div>
  <div
    class="background"
    style="background-image: url(test-file-stub);"
  >
    <div
      class="contentMobile"
    >
      <div
        class="MuiContainer-root makeStyles-mobileContentContainer-2 MuiContainer-maxWidthLg"
      >
        <p
          class="MuiTypography-root makeStyles-title-6 makeStyles-mobileTitle-7 MuiTypography-body1"
        >
          Family Group
          <br />
        </p>
        <p
          class="MuiTypography-root makeStyles-description-8 makeStyles-mobileDescription-9 MuiTypography-body1"
        >
          You haven't checked out GCC unless
          <br />
          you've checked out our family groups.
          <br />
        </p>
        <div
          class="makeStyles-linkContainer-3"
        >
          <a
            class="makeStyles-link-4 undefined"
            href="/familygroup"
          >
            Sign up here &gt;
          </a>
        </div>
      </div>
    </div>
  </div>
  <div
    class="MuiContainer-root makeStyles-container-11 MuiContainer-maxWidthLg"
  >
    <h5
      class="MuiTypography-root makeStyles-subtitle-12 MuiTypography-h5"
    >
      UPCOMING EVENTS
    </h5>
    <h5
      class="MuiTypography-root makeStyles-linkContainer-13 MuiTypography-h5"
    >
      <a
        class="makeStyles-learnMore-14"
        href="/events"
      >
        See all events &gt;
      </a>
    </h5>
  </div>
  <div
    class="background"
    style="background-image: url(test-file-stub);"
  >
    <div
      class="contentMobile"
    >
      <div
        class="MuiContainer-root makeStyles-mobileContentContainer-16 MuiContainer-maxWidthLg"
      >
        <p
          class="MuiTypography-root makeStyles-title-21 makeStyles-mobileTitle-22 MuiTypography-body1"
        >
          Read With Us
          <br />
        </p>
      </div>
    </div>
  </div>
  <div
    class="MuiContainer-root makeStyles-container-25 MuiContainer-maxWidthLg"
  >
    <h5
      class="MuiTypography-root makeStyles-subtitle-26 MuiTypography-h5"
    >
      Monthly Memory Verse
    </h5>
  </div>
</div>
`;
