// Jest Snapshot v1, https://goo.gl/fbAQLP

exports[`Home matches the snapshot 1`] = `
<div>
  <div
    class="background"
    style="background-image: url(test-file-stub);"
  >
    <div
      class="contentMobile"
    >
      <div
        class="MuiContainer-root makeStyles-mobileContentContainer-3 MuiContainer-maxWidthLg"
      >
        <p
          class="MuiTypography-root makeStyles-title-7 makeStyles-mobileTitle-8 MuiTypography-body1"
        >
          Raising up kingdom workers
          <br />
          who are transformed by Christ
          <br />
          to influence the world
          <br />
        </p>
        <div
          class="makeStyles-linkContainer-4"
        >
          <a
            class="makeStyles-link-5 undefined"
            element="servicesContainer"
            scroll="true"
            text="Join us in worship >"
            url="services"
          >
            Join us in worship &gt;
          </a>
        </div>
      </div>
    </div>
  </div>
  <div
    class="services"
    id="servicesContainer"
    name="services"
  >
    <div
      class="MuiContainer-root makeStyles-container-12 MuiContainer-maxWidthLg"
    >
      <h5
        class="MuiTypography-root makeStyles-subtitle-13 MuiTypography-h5"
      >
        SERVICE LOCATION AND TIMES
      </h5>
    </div>
  </div>
  <div
    class="background"
    style="background-image: url(test-file-stub);"
  >
    <div
      class="contentMobile"
    >
      <div
        class="MuiContainer-root makeStyles-mobileContentContainer-3 MuiContainer-maxWidthLg"
      >
        <p
          class="MuiTypography-root makeStyles-title-7 makeStyles-mobileTitle-8 MuiTypography-body1"
        >
          Family Group
          <br />
        </p>
        <p
          class="MuiTypography-root makeStyles-description-9 makeStyles-mobileDescription-10 MuiTypography-body1"
        >
          You haven't checked out GCC unless
          <br />
          you've checked out our family groups.
          <br />
        </p>
        <div
          class="makeStyles-linkContainer-4"
        >
          <a
            class="makeStyles-link-5 undefined"
            scroll="false"
            text="Find out more >"
            url="/familygroup"
          >
            Find out more &gt;
          </a>
        </div>
      </div>
    </div>
  </div>
  <div
    class="MuiContainer-root MuiContainer-maxWidthLg"
  >
    <div
      class="MuiContainer-root makeStyles-container-12 MuiContainer-maxWidthLg"
    >
      <h5
        class="MuiTypography-root makeStyles-subtitle-13 MuiTypography-h5"
      >
        UPCOMING EVENTS
      </h5>
      <h5
        class="MuiTypography-root makeStyles-linkContainer-14 MuiTypography-h5"
      >
        <a
          class="makeStyles-learnMore-15"
          href="/events"
        >
          See all events &gt;
        </a>
      </h5>
    </div>
  </div>
  <div
    class="background"
    style="background-image: url(test-file-stub);"
  >
    <div
      class="contentMobile"
    >
      <div
        class="MuiContainer-root makeStyles-mobileContentContainer-17 MuiContainer-maxWidthLg"
      >
        <p
          class="MuiTypography-root makeStyles-title-22 makeStyles-mobileTitle-23 MuiTypography-body1"
        >
          Read With Us
          <br />
        </p>
      </div>
    </div>
  </div>
  <div
    class="MuiContainer-root makeStyles-container-26 MuiContainer-maxWidthLg"
  >
    <h5
      class="MuiTypography-root makeStyles-subtitle-27 MuiTypography-h5"
    >
      Monthly Memory Verse
    </h5>
  </div>
</div>
`;

exports[`Home matches the snapshot 2`] = `
<div>
  <div
    class="background"
    style="background-image: url(test-file-stub);"
  >
    <div
      class="contentMobile"
    >
      <div
        class="MuiContainer-root makeStyles-mobileContentContainer-3 MuiContainer-maxWidthLg"
      >
        <p
          class="MuiTypography-root makeStyles-title-7 makeStyles-mobileTitle-8 MuiTypography-body1"
        >
          Raising up kingdom workers
          <br />
          who are transformed by Christ
          <br />
          to influence the world
          <br />
        </p>
        <div
          class="makeStyles-linkContainer-4"
        >
          <a
            class="makeStyles-link-5 undefined"
            element="servicesContainer"
            scroll="true"
            text="Join us in worship >"
            url="services"
          >
            Join us in worship &gt;
          </a>
        </div>
      </div>
    </div>
  </div>
  <div
    class="services"
    id="servicesContainer"
    name="services"
  >
    <div
      class="MuiContainer-root makeStyles-container-12 MuiContainer-maxWidthLg"
    >
      <h5
        class="MuiTypography-root makeStyles-subtitle-13 MuiTypography-h5"
      >
        SERVICE LOCATION AND TIMES
      </h5>
    </div>
  </div>
  <div
    class="background"
    style="background-image: url(test-file-stub);"
  >
    <div
      class="contentMobile"
    >
      <div
        class="MuiContainer-root makeStyles-mobileContentContainer-3 MuiContainer-maxWidthLg"
      >
        <p
          class="MuiTypography-root makeStyles-title-7 makeStyles-mobileTitle-8 MuiTypography-body1"
        >
          Family Group
          <br />
        </p>
        <p
          class="MuiTypography-root makeStyles-description-9 makeStyles-mobileDescription-10 MuiTypography-body1"
        >
          You haven't checked out GCC unless
          <br />
          you've checked out our family groups.
          <br />
        </p>
        <div
          class="makeStyles-linkContainer-4"
        >
          <a
            class="makeStyles-link-5 undefined"
            scroll="false"
            text="Find out more >"
            url="/familygroup"
          >
            Find out more &gt;
          </a>
        </div>
      </div>
    </div>
  </div>
  <div
    class="MuiContainer-root MuiContainer-maxWidthLg"
  >
    <div
      class="MuiContainer-root makeStyles-container-12 MuiContainer-maxWidthLg"
    >
      <h5
        class="MuiTypography-root makeStyles-subtitle-13 MuiTypography-h5"
      >
        UPCOMING EVENTS
      </h5>
      <h5
        class="MuiTypography-root makeStyles-linkContainer-14 MuiTypography-h5"
      >
        <a
          class="makeStyles-learnMore-15"
          href="/events"
        >
          See all events &gt;
        </a>
      </h5>
    </div>
  </div>
  <div
    class="background"
    style="background-image: url(test-file-stub);"
  >
    <div
      class="contentMobile"
    >
      <div
        class="MuiContainer-root makeStyles-mobileContentContainer-17 MuiContainer-maxWidthLg"
      >
        <p
          class="MuiTypography-root makeStyles-title-22 makeStyles-mobileTitle-23 MuiTypography-body1"
        >
          Read With Us
          <br />
        </p>
      </div>
    </div>
  </div>
  <div
    class="MuiContainer-root makeStyles-container-26 MuiContainer-maxWidthLg"
  >
    <h5
      class="MuiTypography-root makeStyles-subtitle-27 MuiTypography-h5"
    >
      Monthly Memory Verse
    </h5>
  </div>
</div>
`;
